App.tsx(2,25): error TS2307: Cannot find module './components/Sidebar' or its corresponding type declarations.
App.tsx(6,30): error TS2307: Cannot find module './screens/owner/OwnerFinance' or its corresponding type declarations.
App.tsx(12,32): error TS2307: Cannot find module './screens/owner/OwnerDashboard' or its corresponding type declarations.
App.tsx(13,32): error TS2307: Cannot find module './screens/owner/OwnerInventory' or its corresponding type declarations.
App.tsx(14,31): error TS2307: Cannot find module './screens/owner/GlobalReports' or its corresponding type declarations.
App.tsx(15,30): error TS2307: Cannot find module './screens/owner/OwnerBilling' or its corresponding type declarations.
App.tsx(16,31): error TS2307: Cannot find module './screens/owner/OwnerBranches' or its corresponding type declarations.
App.tsx(17,38): error TS2307: Cannot find module './screens/owner/OwnerStaffManagement' or its corresponding type declarations.
App.tsx(22,33): error TS2307: Cannot find module './screens/manager/BranchDashboard' or its corresponding type declarations.
App.tsx(23,30): error TS2307: Cannot find module './screens/manager/BranchOrders' or its corresponding type declarations.
App.tsx(24,36): error TS2307: Cannot find module './screens/manager/BranchOrderDetails' or its corresponding type declarations.
App.tsx(25,33): error TS2307: Cannot find module './screens/manager/ManagerFloorMap' or its corresponding type declarations.
App.tsx(26,37): error TS2307: Cannot find module './screens/manager/ManagerTableDetails' or its corresponding type declarations.
App.tsx(27,32): error TS2307: Cannot find module './screens/manager/BranchSettings' or its corresponding type declarations.
App.tsx(28,31): error TS2307: Cannot find module './screens/manager/BranchReports' or its corresponding type declarations.
App.tsx(29,31): error TS2307: Cannot find module './screens/manager/RecipeBuilder' or its corresponding type declarations.
App.tsx(30,29): error TS2307: Cannot find module './screens/manager/MenuBuilder' or its corresponding type declarations.
App.tsx(31,34): error TS2307: Cannot find module './screens/manager/ManagerCustomers' or its corresponding type declarations.
App.tsx(34,33): error TS2307: Cannot find module './screens/waiter/WaiterDashboard' or its corresponding type declarations.
App.tsx(35,28): error TS2307: Cannot find module './screens/waiter/WaiterMenu' or its corresponding type declarations.
App.tsx(36,35): error TS2307: Cannot find module './screens/waiter/WaiterOrderReview' or its corresponding type declarations.
App.tsx(37,31): error TS2307: Cannot find module './screens/waiter/WaiterPayment' or its corresponding type declarations.
App.tsx(38,31): error TS2307: Cannot find module './screens/waiter/WaiterReceipt' or its corresponding type declarations.
App.tsx(39,36): error TS2307: Cannot find module './screens/waiter/WaiterActiveOrders' or its corresponding type declarations.
App.tsx(40,35): error TS2307: Cannot find module './screens/waiter/WaiterOrderStatus' or its corresponding type declarations.
App.tsx(41,27): error TS2307: Cannot find module './screens/waiter/WaiterKDS' or its corresponding type declarations.
App.tsx(42,31): error TS2307: Cannot find module './screens/waiter/WaiterHistory' or its corresponding type declarations.
App.tsx(43,37): error TS2307: Cannot find module './screens/waiter/WaiterNotifications' or its corresponding type declarations.
App.tsx(44,36): error TS2307: Cannot find module './screens/waiter/WaiterSystemStatus' or its corresponding type declarations.
App.tsx(45,32): error TS2307: Cannot find module './screens/waiter/WaiterDraftSim' or its corresponding type declarations.
App.tsx(46,32): error TS2307: Cannot find module './screens/waiter/WaiterSettings' or its corresponding type declarations.
App.tsx(47,35): error TS2307: Cannot find module './screens/waiter/WaiterShiftReport' or its corresponding type declarations.
App.tsx(50,27): error TS2307: Cannot find module './screens/Inventory' or its corresponding type declarations.
App.tsx(52,25): error TS2307: Cannot find module './screens/Finance' or its corresponding type declarations.
App.tsx(54,26): error TS2307: Cannot find module './screens/Settings' or its corresponding type declarations.
App.tsx(55,29): error TS2307: Cannot find module './screens/manager/ManagerTeam' or its corresponding type declarations.
App.tsx(64,28): error TS2307: Cannot find module './screens/desktop/DraftInbox' or its corresponding type declarations.
App.tsx(67,10): error TS2724: '"./screens/superadmin/Overview"' has no exported member named 'SA_Overview'. Did you mean 'Overview'?
App.tsx(68,10): error TS2724: '"./screens/superadmin/Tenants"' has no exported member named 'SA_Tenants'. Did you mean 'Tenants'?
App.tsx(69,34): error TS2307: Cannot find module './screens/superadmin/TenantDetails' or its corresponding type declarations.
App.tsx(71,28): error TS2307: Cannot find module './screens/superadmin/Billing' or its corresponding type declarations.
App.tsx(72,33): error TS2307: Cannot find module './screens/superadmin/SystemHealth' or its corresponding type declarations.
App.tsx(74,26): error TS2307: Cannot find module './screens/superadmin/Audit' or its corresponding type declarations.
App.tsx(75,33): error TS2307: Cannot find module './screens/superadmin/FeatureFlags' or its corresponding type declarations.
App.tsx(78,31): error TS2307: Cannot find module './screens/superadmin/PaymentConfig' or its corresponding type declarations.
components/ui/badge.tsx(30,18): error TS2339: Property 'className' does not exist on type 'BadgeProps'.
screens/owner/OwnerAudit.tsx(132,24): error TS2322: Type '{ children: any; variant: "outline"; className: string; }' is not assignable to type 'VariantProps<(props?: ConfigVariants<{ variant: { default: string; secondary: string; destructive: string; outline: string; }; }> & ClassProp) => string>'.
  Property 'children' does not exist on type 'VariantProps<(props?: ConfigVariants<{ variant: { default: string; secondary: string; destructive: string; outline: string; }; }> & ClassProp) => string>'.
screens/superadmin/Overview.tsx(78,22): error TS2322: Type '{ children: string; variant: "outline"; className: string; }' is not assignable to type 'VariantProps<(props?: ConfigVariants<{ variant: { default: string; secondary: string; destructive: string; outline: string; }; }> & ClassProp) => string>'.
  Property 'children' does not exist on type 'VariantProps<(props?: ConfigVariants<{ variant: { default: string; secondary: string; destructive: string; outline: string; }; }> & ClassProp) => string>'.
screens/superadmin/Tenants.tsx(119,24): error TS2322: Type '{ children: any; variant: "outline"; className: string; }' is not assignable to type 'VariantProps<(props?: ConfigVariants<{ variant: { default: string; secondary: string; destructive: string; outline: string; }; }> & ClassProp) => string>'.
  Property 'children' does not exist on type 'VariantProps<(props?: ConfigVariants<{ variant: { default: string; secondary: string; destructive: string; outline: string; }; }> & ClassProp) => string>'.
